?   	moedex/cmd/moedex	[no test files]
?   	moedex/cmd/moedex-corpus	[no test files]
ok  	moedex/cmd/moedex-index	(cached)
ok  	moedex/cmd/moedex-mcp	(cached)
?   	moedex/cmd/moedex-parity	[no test files]
ok  	moedex/cmd/moedex-serve	(cached)
?   	moedex/cmd/scale	[no test files]
ok  	moedex/internal/blobstore	(cached)
ok  	moedex/internal/contextwin	(cached)
ok  	moedex/internal/corpus	(cached)
ok  	moedex/internal/diskstore	(cached)
ok  	moedex/internal/embed	(cached)
ok  	moedex/internal/eval	(cached)
ok  	moedex/internal/fmindex	(cached)
ok  	moedex/internal/index	(cached)
ok  	moedex/internal/ingest	(cached)
ok  	moedex/internal/mcp	(cached)
ok  	moedex/internal/parity	(cached)
ok  	moedex/internal/query	(cached)
ok  	moedex/internal/rank	(cached)
ok  	moedex/internal/search	(cached)
ok  	moedex/internal/server	(cached)
ok  	moedex/internal/setops	(cached)
ok  	moedex/internal/symbol	(cached)
ok  	moedex/internal/tokenindex	(cached)
?   	moedex/internal/trigram	[no test files]
